// Jest Snapshot v1, https://goo.gl/fbAQLP

exports[`when rendering the professional profile it renders correctly 1`] = `"Loading..."`;
