// Jest Snapshot v1, https://goo.gl/fbAQLP

exports[`when rendering navbar it renders correctly 1`] = `"Loading..."`;
